00000000000000000000000000000000000000000000000000000000000000000000111111111100000001111111111111111111111111100000011111111111111111111111111000000000000000000000000000000000000000000000000000000000000000000000000000000